node_modules/react-router/dist/development/index.d.ts(4,8): error TS1259: Module '"C:/Users/kalyanapriyan M/OneDrive/Documents/Socedge/employee-frontend/node_modules/@types/react/index"' can only be default-imported using the 'esModuleInterop' flag
node_modules/react-router/dist/development/instrumentation--6Pioq_G.d.ts(413,5): error TS18028: Private identifiers are only available when targeting ECMAScript 2015 and higher.
node_modules/sonner/dist/index.d.ts(1,8): error TS1259: Module '"C:/Users/kalyanapriyan M/OneDrive/Documents/Socedge/employee-frontend/node_modules/@types/react/index"' can only be default-imported using the 'esModuleInterop' flag
src/api/departments.ts(1,26): error TS6142: Module './config' was resolved to 'C:/Users/kalyanapriyan M/OneDrive/Documents/Socedge/employee-frontend/src/api/config.jsx', but '--jsx' is not set.
src/api/employees.ts(1,26): error TS6142: Module './config' was resolved to 'C:/Users/kalyanapriyan M/OneDrive/Documents/Socedge/employee-frontend/src/api/config.jsx', but '--jsx' is not set.
src/api/organizations.ts(1,26): error TS6142: Module './config' was resolved to 'C:/Users/kalyanapriyan M/OneDrive/Documents/Socedge/employee-frontend/src/api/config.jsx', but '--jsx' is not set.
src/pages/CompanySettings.tsx(4,58): error TS6142: Module '../components/ui/card.tsx' was resolved to 'C:/Users/kalyanapriyan M/OneDrive/Documents/Socedge/employee-frontend/src/components/ui/card.tsx', but '--jsx' is not set.
src/pages/CompanySettings.tsx(5,24): error TS6142: Module '../components/ui/button.tsx' was resolved to 'C:/Users/kalyanapriyan M/OneDrive/Documents/Socedge/employee-frontend/src/components/ui/button.tsx', but '--jsx' is not set.
src/pages/CompanySettings.tsx(7,74): error TS5097: An import path can only end with a '.ts' extension when 'allowImportingTsExtensions' is enabled.
src/pages/CompanySettings.tsx(8,32): error TS5097: An import path can only end with a '.ts' extension when 'allowImportingTsExtensions' is enabled.
src/pages/CompanySettings.tsx(9,30): error TS5097: An import path can only end with a '.ts' extension when 'allowImportingTsExtensions' is enabled.
src/pages/CompanySettings.tsx(432,7): error TS17004: Cannot use JSX unless the '--jsx' flag is provided.
src/pages/CompanySettings.tsx(433,9): error TS17004: Cannot use JSX unless the '--jsx' flag is provided.
src/pages/CompanySettings.tsx(439,5): error TS17004: Cannot use JSX unless the '--jsx' flag is provided.
src/pages/CompanySettings.tsx(441,7): error TS17004: Cannot use JSX unless the '--jsx' flag is provided.
src/pages/CompanySettings.tsx(442,9): error TS17004: Cannot use JSX unless the '--jsx' flag is provided.
src/pages/CompanySettings.tsx(448,9): error TS17004: Cannot use JSX unless the '--jsx' flag is provided.
src/pages/CompanySettings.tsx(449,9): error TS17004: Cannot use JSX unless the '--jsx' flag is provided.
src/pages/CompanySettings.tsx(453,7): error TS17004: Cannot use JSX unless the '--jsx' flag is provided.
src/pages/CompanySettings.tsx(454,9): error TS17004: Cannot use JSX unless the '--jsx' flag is provided.
src/pages/CompanySettings.tsx(455,11): error TS17004: Cannot use JSX unless the '--jsx' flag is provided.
src/pages/CompanySettings.tsx(456,13): error TS17004: Cannot use JSX unless the '--jsx' flag is provided.
src/pages/CompanySettings.tsx(458,11): error TS17004: Cannot use JSX unless the '--jsx' flag is provided.
src/pages/CompanySettings.tsx(459,13): error TS17004: Cannot use JSX unless the '--jsx' flag is provided.
src/pages/CompanySettings.tsx(460,15): error TS17004: Cannot use JSX unless the '--jsx' flag is provided.
src/pages/CompanySettings.tsx(462,17): error TS17004: Cannot use JSX unless the '--jsx' flag is provided.
src/pages/CompanySettings.tsx(467,13): error TS17004: Cannot use JSX unless the '--jsx' flag is provided.
src/pages/CompanySettings.tsx(472,9): error TS17004: Cannot use JSX unless the '--jsx' flag is provided.
src/pages/CompanySettings.tsx(474,11): error TS17004: Cannot use JSX unless the '--jsx' flag is provided.
src/pages/CompanySettings.tsx(475,13): error TS17004: Cannot use JSX unless the '--jsx' flag is provided.
src/pages/CompanySettings.tsx(476,15): error TS17004: Cannot use JSX unless the '--jsx' flag is provided.
src/pages/CompanySettings.tsx(477,15): error TS17004: Cannot use JSX unless the '--jsx' flag is provided.
src/pages/CompanySettings.tsx(479,13): error TS17004: Cannot use JSX unless the '--jsx' flag is provided.
src/pages/CompanySettings.tsx(480,15): error TS17004: Cannot use JSX unless the '--jsx' flag is provided.
src/pages/CompanySettings.tsx(481,17): error TS17004: Cannot use JSX unless the '--jsx' flag is provided.
src/pages/CompanySettings.tsx(489,17): error TS17004: Cannot use JSX unless the '--jsx' flag is provided.
src/pages/CompanySettings.tsx(499,17): error TS17004: Cannot use JSX unless the '--jsx' flag is provided.
src/pages/CompanySettings.tsx(512,11): error TS17004: Cannot use JSX unless the '--jsx' flag is provided.
src/pages/CompanySettings.tsx(513,13): error TS17004: Cannot use JSX unless the '--jsx' flag is provided.
src/pages/CompanySettings.tsx(520,7): error TS17004: Cannot use JSX unless the '--jsx' flag is provided.
src/pages/CompanySettings.tsx(521,9): error TS17004: Cannot use JSX unless the '--jsx' flag is provided.
src/pages/CompanySettings.tsx(525,15): error TS17004: Cannot use JSX unless the '--jsx' flag is provided.
src/pages/CompanySettings.tsx(534,17): error TS17004: Cannot use JSX unless the '--jsx' flag is provided.
src/pages/CompanySettings.tsx(543,7): error TS17004: Cannot use JSX unless the '--jsx' flag is provided.
src/pages/CompanySettings.tsx(546,11): error TS17004: Cannot use JSX unless the '--jsx' flag is provided.
src/pages/CompanySettings.tsx(548,13): error TS17004: Cannot use JSX unless the '--jsx' flag is provided.
src/pages/CompanySettings.tsx(549,15): error TS17004: Cannot use JSX unless the '--jsx' flag is provided.
src/pages/CompanySettings.tsx(550,17): error TS17004: Cannot use JSX unless the '--jsx' flag is provided.
src/pages/CompanySettings.tsx(551,19): error TS17004: Cannot use JSX unless the '--jsx' flag is provided.
src/pages/CompanySettings.tsx(552,19): error TS17004: Cannot use JSX unless the '--jsx' flag is provided.
src/pages/CompanySettings.tsx(553,21): error TS17004: Cannot use JSX unless the '--jsx' flag is provided.
src/pages/CompanySettings.tsx(556,21): error TS17004: Cannot use JSX unless the '--jsx' flag is provided.
src/pages/CompanySettings.tsx(564,13): error TS17004: Cannot use JSX unless the '--jsx' flag is provided.
src/pages/CompanySettings.tsx(565,15): error TS17004: Cannot use JSX unless the '--jsx' flag is provided.
src/pages/CompanySettings.tsx(566,17): error TS17004: Cannot use JSX unless the '--jsx' flag is provided.
src/pages/CompanySettings.tsx(568,15): error TS17004: Cannot use JSX unless the '--jsx' flag is provided.
src/pages/CompanySettings.tsx(569,17): error TS17004: Cannot use JSX unless the '--jsx' flag is provided.
src/pages/CompanySettings.tsx(570,19): error TS17004: Cannot use JSX unless the '--jsx' flag is provided.
src/pages/CompanySettings.tsx(571,21): error TS17004: Cannot use JSX unless the '--jsx' flag is provided.
src/pages/CompanySettings.tsx(572,41): error TS17004: Cannot use JSX unless the '--jsx' flag is provided.
src/pages/CompanySettings.tsx(574,21): error TS17004: Cannot use JSX unless the '--jsx' flag is provided.
src/pages/CompanySettings.tsx(585,19): error TS17004: Cannot use JSX unless the '--jsx' flag is provided.
src/pages/CompanySettings.tsx(586,21): error TS17004: Cannot use JSX unless the '--jsx' flag is provided.
src/pages/CompanySettings.tsx(587,39): error TS17004: Cannot use JSX unless the '--jsx' flag is provided.
src/pages/CompanySettings.tsx(589,21): error TS17004: Cannot use JSX unless the '--jsx' flag is provided.
src/pages/CompanySettings.tsx(600,19): error TS17004: Cannot use JSX unless the '--jsx' flag is provided.
src/pages/CompanySettings.tsx(601,21): error TS17004: Cannot use JSX unless the '--jsx' flag is provided.
src/pages/CompanySettings.tsx(602,36): error TS17004: Cannot use JSX unless the '--jsx' flag is provided.
src/pages/CompanySettings.tsx(604,21): error TS17004: Cannot use JSX unless the '--jsx' flag is provided.
src/pages/CompanySettings.tsx(611,23): error TS17004: Cannot use JSX unless the '--jsx' flag is provided.
src/pages/CompanySettings.tsx(612,23): error TS17004: Cannot use JSX unless the '--jsx' flag is provided.
src/pages/CompanySettings.tsx(613,23): error TS17004: Cannot use JSX unless the '--jsx' flag is provided.
src/pages/CompanySettings.tsx(614,23): error TS17004: Cannot use JSX unless the '--jsx' flag is provided.
src/pages/CompanySettings.tsx(615,23): error TS17004: Cannot use JSX unless the '--jsx' flag is provided.
src/pages/CompanySettings.tsx(616,23): error TS17004: Cannot use JSX unless the '--jsx' flag is provided.
src/pages/CompanySettings.tsx(620,19): error TS17004: Cannot use JSX unless the '--jsx' flag is provided.
src/pages/CompanySettings.tsx(621,21): error TS17004: Cannot use JSX unless the '--jsx' flag is provided.
src/pages/CompanySettings.tsx(624,21): error TS17004: Cannot use JSX unless the '--jsx' flag is provided.
src/pages/CompanySettings.tsx(635,19): error TS17004: Cannot use JSX unless the '--jsx' flag is provided.
src/pages/CompanySettings.tsx(636,21): error TS17004: Cannot use JSX unless the '--jsx' flag is provided.
src/pages/CompanySettings.tsx(637,32): error TS17004: Cannot use JSX unless the '--jsx' flag is provided.
src/pages/CompanySettings.tsx(639,21): error TS17004: Cannot use JSX unless the '--jsx' flag is provided.
src/pages/CompanySettings.tsx(646,23): error TS17004: Cannot use JSX unless the '--jsx' flag is provided.
src/pages/CompanySettings.tsx(647,23): error TS17004: Cannot use JSX unless the '--jsx' flag is provided.
src/pages/CompanySettings.tsx(648,23): error TS17004: Cannot use JSX unless the '--jsx' flag is provided.
src/pages/CompanySettings.tsx(649,23): error TS17004: Cannot use JSX unless the '--jsx' flag is provided.
src/pages/CompanySettings.tsx(650,23): error TS17004: Cannot use JSX unless the '--jsx' flag is provided.
src/pages/CompanySettings.tsx(651,23): error TS17004: Cannot use JSX unless the '--jsx' flag is provided.
src/pages/CompanySettings.tsx(652,23): error TS17004: Cannot use JSX unless the '--jsx' flag is provided.
src/pages/CompanySettings.tsx(656,19): error TS17004: Cannot use JSX unless the '--jsx' flag is provided.
src/pages/CompanySettings.tsx(657,21): error TS17004: Cannot use JSX unless the '--jsx' flag is provided.
src/pages/CompanySettings.tsx(660,21): error TS17004: Cannot use JSX unless the '--jsx' flag is provided.
src/pages/CompanySettings.tsx(673,13): error TS17004: Cannot use JSX unless the '--jsx' flag is provided.
src/pages/CompanySettings.tsx(674,15): error TS17004: Cannot use JSX unless the '--jsx' flag is provided.
src/pages/CompanySettings.tsx(675,17): error TS17004: Cannot use JSX unless the '--jsx' flag is provided.
src/pages/CompanySettings.tsx(677,15): error TS17004: Cannot use JSX unless the '--jsx' flag is provided.
src/pages/CompanySettings.tsx(678,17): error TS17004: Cannot use JSX unless the '--jsx' flag is provided.
src/pages/CompanySettings.tsx(679,19): error TS17004: Cannot use JSX unless the '--jsx' flag is provided.
src/pages/CompanySettings.tsx(680,21): error TS17004: Cannot use JSX unless the '--jsx' flag is provided.
src/pages/CompanySettings.tsx(683,21): error TS17004: Cannot use JSX unless the '--jsx' flag is provided.
src/pages/CompanySettings.tsx(694,19): error TS17004: Cannot use JSX unless the '--jsx' flag is provided.
src/pages/CompanySettings.tsx(695,21): error TS17004: Cannot use JSX unless the '--jsx' flag is provided.
src/pages/CompanySettings.tsx(698,21): error TS17004: Cannot use JSX unless the '--jsx' flag is provided.
src/pages/CompanySettings.tsx(709,19): error TS17004: Cannot use JSX unless the '--jsx' flag is provided.
src/pages/CompanySettings.tsx(710,21): error TS17004: Cannot use JSX unless the '--jsx' flag is provided.
src/pages/CompanySettings.tsx(713,21): error TS17004: Cannot use JSX unless the '--jsx' flag is provided.
src/pages/CompanySettings.tsx(724,19): error TS17004: Cannot use JSX unless the '--jsx' flag is provided.
src/pages/CompanySettings.tsx(725,21): error TS17004: Cannot use JSX unless the '--jsx' flag is provided.
src/pages/CompanySettings.tsx(728,21): error TS17004: Cannot use JSX unless the '--jsx' flag is provided.
src/pages/CompanySettings.tsx(742,13): error TS17004: Cannot use JSX unless the '--jsx' flag is provided.
src/pages/CompanySettings.tsx(743,15): error TS17004: Cannot use JSX unless the '--jsx' flag is provided.
src/pages/CompanySettings.tsx(744,17): error TS17004: Cannot use JSX unless the '--jsx' flag is provided.
src/pages/CompanySettings.tsx(746,15): error TS17004: Cannot use JSX unless the '--jsx' flag is provided.
src/pages/CompanySettings.tsx(747,17): error TS17004: Cannot use JSX unless the '--jsx' flag is provided.
src/pages/CompanySettings.tsx(748,19): error TS17004: Cannot use JSX unless the '--jsx' flag is provided.
src/pages/CompanySettings.tsx(749,21): error TS17004: Cannot use JSX unless the '--jsx' flag is provided.
src/pages/CompanySettings.tsx(750,38): error TS17004: Cannot use JSX unless the '--jsx' flag is provided.
src/pages/CompanySettings.tsx(752,21): error TS17004: Cannot use JSX unless the '--jsx' flag is provided.
src/pages/CompanySettings.tsx(761,19): error TS17004: Cannot use JSX unless the '--jsx' flag is provided.
src/pages/CompanySettings.tsx(762,21): error TS17004: Cannot use JSX unless the '--jsx' flag is provided.
src/pages/CompanySettings.tsx(763,23): error TS17004: Cannot use JSX unless the '--jsx' flag is provided.
src/pages/CompanySettings.tsx(764,30): error TS17004: Cannot use JSX unless the '--jsx' flag is provided.
src/pages/CompanySettings.tsx(766,23): error TS17004: Cannot use JSX unless the '--jsx' flag is provided.
src/pages/CompanySettings.tsx(775,21): error TS17004: Cannot use JSX unless the '--jsx' flag is provided.
src/pages/CompanySettings.tsx(776,23): error TS17004: Cannot use JSX unless the '--jsx' flag is provided.
src/pages/CompanySettings.tsx(777,40): error TS17004: Cannot use JSX unless the '--jsx' flag is provided.
src/pages/CompanySettings.tsx(779,23): error TS17004: Cannot use JSX unless the '--jsx' flag is provided.
src/pages/CompanySettings.tsx(788,21): error TS17004: Cannot use JSX unless the '--jsx' flag is provided.
src/pages/CompanySettings.tsx(789,23): error TS17004: Cannot use JSX unless the '--jsx' flag is provided.
src/pages/CompanySettings.tsx(790,41): error TS17004: Cannot use JSX unless the '--jsx' flag is provided.
src/pages/CompanySettings.tsx(792,23): error TS17004: Cannot use JSX unless the '--jsx' flag is provided.
src/pages/CompanySettings.tsx(801,21): error TS17004: Cannot use JSX unless the '--jsx' flag is provided.
src/pages/CompanySettings.tsx(802,23): error TS17004: Cannot use JSX unless the '--jsx' flag is provided.
src/pages/CompanySettings.tsx(803,33): error TS17004: Cannot use JSX unless the '--jsx' flag is provided.
src/pages/CompanySettings.tsx(805,23): error TS17004: Cannot use JSX unless the '--jsx' flag is provided.
src/pages/CompanySettings.tsx(822,11): error TS17004: Cannot use JSX unless the '--jsx' flag is provided.
src/pages/CompanySettings.tsx(824,13): error TS17004: Cannot use JSX unless the '--jsx' flag is provided.
src/pages/CompanySettings.tsx(825,15): error TS17004: Cannot use JSX unless the '--jsx' flag is provided.
src/pages/CompanySettings.tsx(826,17): error TS17004: Cannot use JSX unless the '--jsx' flag is provided.
src/pages/CompanySettings.tsx(827,17): error TS17004: Cannot use JSX unless the '--jsx' flag is provided.
src/pages/CompanySettings.tsx(828,19): error TS17004: Cannot use JSX unless the '--jsx' flag is provided.
src/pages/CompanySettings.tsx(831,19): error TS17004: Cannot use JSX unless the '--jsx' flag is provided.
src/pages/CompanySettings.tsx(838,13): error TS17004: Cannot use JSX unless the '--jsx' flag is provided.
src/pages/CompanySettings.tsx(839,15): error TS17004: Cannot use JSX unless the '--jsx' flag is provided.
src/pages/CompanySettings.tsx(840,17): error TS17004: Cannot use JSX unless the '--jsx' flag is provided.
src/pages/CompanySettings.tsx(842,15): error TS17004: Cannot use JSX unless the '--jsx' flag is provided.
src/pages/CompanySettings.tsx(843,17): error TS17004: Cannot use JSX unless the '--jsx' flag is provided.
src/pages/CompanySettings.tsx(844,19): error TS17004: Cannot use JSX unless the '--jsx' flag is provided.
src/pages/CompanySettings.tsx(845,21): error TS17004: Cannot use JSX unless the '--jsx' flag is provided.
src/pages/CompanySettings.tsx(848,21): error TS17004: Cannot use JSX unless the '--jsx' flag is provided.
src/pages/CompanySettings.tsx(860,21): error TS17004: Cannot use JSX unless the '--jsx' flag is provided.
src/pages/CompanySettings.tsx(868,13): error TS17004: Cannot use JSX unless the '--jsx' flag is provided.
src/pages/CompanySettings.tsx(869,15): error TS17004: Cannot use JSX unless the '--jsx' flag is provided.
src/pages/CompanySettings.tsx(870,17): error TS17004: Cannot use JSX unless the '--jsx' flag is provided.
src/pages/CompanySettings.tsx(872,15): error TS17004: Cannot use JSX unless the '--jsx' flag is provided.
src/pages/CompanySettings.tsx(873,17): error TS17004: Cannot use JSX unless the '--jsx' flag is provided.
src/pages/CompanySettings.tsx(874,19): error TS17004: Cannot use JSX unless the '--jsx' flag is provided.
src/pages/CompanySettings.tsx(877,19): error TS17004: Cannot use JSX unless the '--jsx' flag is provided.
src/pages/CompanySettings.tsx(889,19): error TS17004: Cannot use JSX unless the '--jsx' flag is provided.
src/pages/CompanySettings.tsx(896,13): error TS17004: Cannot use JSX unless the '--jsx' flag is provided.
src/pages/CompanySettings.tsx(897,15): error TS17004: Cannot use JSX unless the '--jsx' flag is provided.
src/pages/CompanySettings.tsx(898,17): error TS17004: Cannot use JSX unless the '--jsx' flag is provided.
src/pages/CompanySettings.tsx(900,15): error TS17004: Cannot use JSX unless the '--jsx' flag is provided.
src/pages/CompanySettings.tsx(901,17): error TS17004: Cannot use JSX unless the '--jsx' flag is provided.
src/pages/CompanySettings.tsx(902,19): error TS17004: Cannot use JSX unless the '--jsx' flag is provided.
src/pages/CompanySettings.tsx(903,21): error TS17004: Cannot use JSX unless the '--jsx' flag is provided.
src/pages/CompanySettings.tsx(918,21): error TS17004: Cannot use JSX unless the '--jsx' flag is provided.
src/pages/CompanySettings.tsx(924,21): error TS17004: Cannot use JSX unless the '--jsx' flag is provided.
src/pages/CompanySettings.tsx(925,23): error TS17004: Cannot use JSX unless the '--jsx' flag is provided.
src/pages/CompanySettings.tsx(928,23): error TS17004: Cannot use JSX unless the '--jsx' flag is provided.
src/pages/CompanySettings.tsx(943,23): error TS17004: Cannot use JSX unless the '--jsx' flag is provided.
src/pages/CompanySettings.tsx(956,11): error TS17004: Cannot use JSX unless the '--jsx' flag is provided.
src/pages/CompanySettings.tsx(958,13): error TS17004: Cannot use JSX unless the '--jsx' flag is provided.
src/pages/CompanySettings.tsx(959,15): error TS17004: Cannot use JSX unless the '--jsx' flag is provided.
src/pages/CompanySettings.tsx(960,17): error TS17004: Cannot use JSX unless the '--jsx' flag is provided.
src/pages/CompanySettings.tsx(961,17): error TS17004: Cannot use JSX unless the '--jsx' flag is provided.
src/pages/CompanySettings.tsx(962,19): error TS17004: Cannot use JSX unless the '--jsx' flag is provided.
src/pages/CompanySettings.tsx(965,19): error TS17004: Cannot use JSX unless the '--jsx' flag is provided.
src/pages/CompanySettings.tsx(972,13): error TS17004: Cannot use JSX unless the '--jsx' flag is provided.
src/pages/CompanySettings.tsx(973,15): error TS17004: Cannot use JSX unless the '--jsx' flag is provided.
src/pages/CompanySettings.tsx(974,17): error TS17004: Cannot use JSX unless the '--jsx' flag is provided.
src/pages/CompanySettings.tsx(975,17): error TS17004: Cannot use JSX unless the '--jsx' flag is provided.
src/pages/CompanySettings.tsx(979,15): error TS17004: Cannot use JSX unless the '--jsx' flag is provided.
src/pages/CompanySettings.tsx(980,17): error TS17004: Cannot use JSX unless the '--jsx' flag is provided.
src/pages/CompanySettings.tsx(986,15): error TS17004: Cannot use JSX unless the '--jsx' flag is provided.
src/pages/CompanySettings.tsx(987,17): error TS17004: Cannot use JSX unless the '--jsx' flag is provided.
src/pages/CompanySettings.tsx(988,19): error TS17004: Cannot use JSX unless the '--jsx' flag is provided.
src/pages/CompanySettings.tsx(989,21): error TS17004: Cannot use JSX unless the '--jsx' flag is provided.
src/pages/CompanySettings.tsx(990,21): error TS17004: Cannot use JSX unless the '--jsx' flag is provided.
src/pages/CompanySettings.tsx(991,21): error TS17004: Cannot use JSX unless the '--jsx' flag is provided.
src/pages/CompanySettings.tsx(994,21): error TS17004: Cannot use JSX unless the '--jsx' flag is provided.
src/pages/CompanySettings.tsx(1001,15): error TS17004: Cannot use JSX unless the '--jsx' flag is provided.
src/pages/CompanySettings.tsx(1003,19): error TS17004: Cannot use JSX unless the '--jsx' flag is provided.
src/pages/CompanySettings.tsx(1004,21): error TS17004: Cannot use JSX unless the '--jsx' flag is provided.
src/pages/CompanySettings.tsx(1005,23): error TS17004: Cannot use JSX unless the '--jsx' flag is provided.
src/pages/CompanySettings.tsx(1008,23): error TS17004: Cannot use JSX unless the '--jsx' flag is provided.
src/pages/CompanySettings.tsx(1017,21): error TS17004: Cannot use JSX unless the '--jsx' flag is provided.
src/pages/CompanySettings.tsx(1018,23): error TS17004: Cannot use JSX unless the '--jsx' flag is provided.
src/pages/CompanySettings.tsx(1019,25): error TS17004: Cannot use JSX unless the '--jsx' flag is provided.
src/pages/CompanySettings.tsx(1020,27): error TS17004: Cannot use JSX unless the '--jsx' flag is provided.
src/pages/CompanySettings.tsx(1021,43): error TS17004: Cannot use JSX unless the '--jsx' flag is provided.
src/pages/CompanySettings.tsx(1023,27): error TS17004: Cannot use JSX unless the '--jsx' flag is provided.
src/pages/CompanySettings.tsx(1034,25): error TS17004: Cannot use JSX unless the '--jsx' flag is provided.
src/pages/CompanySettings.tsx(1035,27): error TS17004: Cannot use JSX unless the '--jsx' flag is provided.
src/pages/CompanySettings.tsx(1036,43): error TS17004: Cannot use JSX unless the '--jsx' flag is provided.
src/pages/CompanySettings.tsx(1038,27): error TS17004: Cannot use JSX unless the '--jsx' flag is provided.
src/pages/CompanySettings.tsx(1049,25): error TS17004: Cannot use JSX unless the '--jsx' flag is provided.
src/pages/CompanySettings.tsx(1050,27): error TS17004: Cannot use JSX unless the '--jsx' flag is provided.
src/pages/CompanySettings.tsx(1053,27): error TS17004: Cannot use JSX unless the '--jsx' flag is provided.
src/pages/CompanySettings.tsx(1067,25): error TS17004: Cannot use JSX unless the '--jsx' flag is provided.
src/pages/CompanySettings.tsx(1068,27): error TS17004: Cannot use JSX unless the '--jsx' flag is provided.
src/pages/CompanySettings.tsx(1071,27): error TS17004: Cannot use JSX unless the '--jsx' flag is provided.
src/pages/CompanySettings.tsx(1085,25): error TS17004: Cannot use JSX unless the '--jsx' flag is provided.
src/pages/CompanySettings.tsx(1086,27): error TS17004: Cannot use JSX unless the '--jsx' flag is provided.
src/pages/CompanySettings.tsx(1089,27): error TS17004: Cannot use JSX unless the '--jsx' flag is provided.
src/pages/CompanySettings.tsx(1103,25): error TS17004: Cannot use JSX unless the '--jsx' flag is provided.
src/pages/CompanySettings.tsx(1104,27): error TS17004: Cannot use JSX unless the '--jsx' flag is provided.
src/pages/CompanySettings.tsx(1107,27): error TS17004: Cannot use JSX unless the '--jsx' flag is provided.
src/pages/CompanySettings.tsx(1121,25): error TS17004: Cannot use JSX unless the '--jsx' flag is provided.
src/pages/CompanySettings.tsx(1122,27): error TS17004: Cannot use JSX unless the '--jsx' flag is provided.
src/pages/CompanySettings.tsx(1125,27): error TS17004: Cannot use JSX unless the '--jsx' flag is provided.
src/pages/CompanySettings.tsx(1139,25): error TS17004: Cannot use JSX unless the '--jsx' flag is provided.
src/pages/CompanySettings.tsx(1140,27): error TS17004: Cannot use JSX unless the '--jsx' flag is provided.
src/pages/CompanySettings.tsx(1143,27): error TS17004: Cannot use JSX unless the '--jsx' flag is provided.
src/pages/CompanySettings.tsx(1150,29): error TS17004: Cannot use JSX unless the '--jsx' flag is provided.
src/pages/CompanySettings.tsx(1151,29): error TS17004: Cannot use JSX unless the '--jsx' flag is provided.
src/pages/CompanySettings.tsx(1152,29): error TS17004: Cannot use JSX unless the '--jsx' flag is provided.
src/pages/CompanySettings.tsx(1153,29): error TS17004: Cannot use JSX unless the '--jsx' flag is provided.
src/pages/CompanySettings.tsx(1154,29): error TS17004: Cannot use JSX unless the '--jsx' flag is provided.
src/pages/CompanySettings.tsx(1155,29): error TS17004: Cannot use JSX unless the '--jsx' flag is provided.
src/pages/CompanySettings.tsx(1156,29): error TS17004: Cannot use JSX unless the '--jsx' flag is provided.
src/pages/CompanySettings.tsx(1157,29): error TS17004: Cannot use JSX unless the '--jsx' flag is provided.
src/pages/CompanySettings.tsx(1158,29): error TS17004: Cannot use JSX unless the '--jsx' flag is provided.
src/pages/CompanySettings.tsx(1159,29): error TS17004: Cannot use JSX unless the '--jsx' flag is provided.
src/pages/CompanySettings.tsx(1160,29): error TS17004: Cannot use JSX unless the '--jsx' flag is provided.
src/pages/CompanySettings.tsx(1164,25): error TS17004: Cannot use JSX unless the '--jsx' flag is provided.
src/pages/CompanySettings.tsx(1165,27): error TS17004: Cannot use JSX unless the '--jsx' flag is provided.
src/pages/CompanySettings.tsx(1168,27): error TS17004: Cannot use JSX unless the '--jsx' flag is provided.
src/pages/CompanySettings.tsx(1179,25): error TS17004: Cannot use JSX unless the '--jsx' flag is provided.
src/pages/CompanySettings.tsx(1180,27): error TS17004: Cannot use JSX unless the '--jsx' flag is provided.
src/pages/CompanySettings.tsx(1183,27): error TS17004: Cannot use JSX unless the '--jsx' flag is provided.
src/pages/CompanySettings.tsx(1204,11): error TS17004: Cannot use JSX unless the '--jsx' flag is provided.
src/pages/CompanySettings.tsx(1206,13): error TS17004: Cannot use JSX unless the '--jsx' flag is provided.
src/pages/CompanySettings.tsx(1207,15): error TS17004: Cannot use JSX unless the '--jsx' flag is provided.
src/pages/CompanySettings.tsx(1208,17): error TS17004: Cannot use JSX unless the '--jsx' flag is provided.
src/pages/CompanySettings.tsx(1209,17): error TS17004: Cannot use JSX unless the '--jsx' flag is provided.
src/pages/CompanySettings.tsx(1210,19): error TS17004: Cannot use JSX unless the '--jsx' flag is provided.
src/pages/CompanySettings.tsx(1213,19): error TS17004: Cannot use JSX unless the '--jsx' flag is provided.
src/pages/CompanySettings.tsx(1220,13): error TS17004: Cannot use JSX unless the '--jsx' flag is provided.
src/pages/CompanySettings.tsx(1221,15): error TS17004: Cannot use JSX unless the '--jsx' flag is provided.
src/pages/CompanySettings.tsx(1222,17): error TS17004: Cannot use JSX unless the '--jsx' flag is provided.
src/pages/CompanySettings.tsx(1224,15): error TS17004: Cannot use JSX unless the '--jsx' flag is provided.
src/pages/CompanySettings.tsx(1225,17): error TS17004: Cannot use JSX unless the '--jsx' flag is provided.
src/pages/CompanySettings.tsx(1226,19): error TS17004: Cannot use JSX unless the '--jsx' flag is provided.
src/pages/CompanySettings.tsx(1227,21): error TS17004: Cannot use JSX unless the '--jsx' flag is provided.
src/pages/CompanySettings.tsx(1230,21): error TS17004: Cannot use JSX unless the '--jsx' flag is provided.
src/pages/CompanySettings.tsx(1239,21): error TS17004: Cannot use JSX unless the '--jsx' flag is provided.
src/pages/CompanySettings.tsx(1244,19): error TS17004: Cannot use JSX unless the '--jsx' flag is provided.
src/pages/CompanySettings.tsx(1245,21): error TS17004: Cannot use JSX unless the '--jsx' flag is provided.
src/pages/CompanySettings.tsx(1248,21): error TS17004: Cannot use JSX unless the '--jsx' flag is provided.
src/pages/CompanySettings.tsx(1259,19): error TS17004: Cannot use JSX unless the '--jsx' flag is provided.
src/pages/CompanySettings.tsx(1260,21): error TS17004: Cannot use JSX unless the '--jsx' flag is provided.
src/pages/CompanySettings.tsx(1263,21): error TS17004: Cannot use JSX unless the '--jsx' flag is provided.
src/pages/CompanySettings.tsx(1272,21): error TS17004: Cannot use JSX unless the '--jsx' flag is provided.
src/pages/CompanySettings.tsx(1277,19): error TS17004: Cannot use JSX unless the '--jsx' flag is provided.
src/pages/CompanySettings.tsx(1278,21): error TS17004: Cannot use JSX unless the '--jsx' flag is provided.
src/pages/CompanySettings.tsx(1279,37): error TS17004: Cannot use JSX unless the '--jsx' flag is provided.
src/pages/CompanySettings.tsx(1281,21): error TS17004: Cannot use JSX unless the '--jsx' flag is provided.
src/pages/CompanySettings.tsx(1288,23): error TS17004: Cannot use JSX unless the '--jsx' flag is provided.
src/pages/CompanySettings.tsx(1289,23): error TS17004: Cannot use JSX unless the '--jsx' flag is provided.
src/pages/CompanySettings.tsx(1290,23): error TS17004: Cannot use JSX unless the '--jsx' flag is provided.
src/pages/CompanySettings.tsx(1291,23): error TS17004: Cannot use JSX unless the '--jsx' flag is provided.
src/pages/CompanySettings.tsx(1298,13): error TS17004: Cannot use JSX unless the '--jsx' flag is provided.
src/pages/CompanySettings.tsx(1299,15): error TS17004: Cannot use JSX unless the '--jsx' flag is provided.
src/pages/CompanySettings.tsx(1300,17): error TS17004: Cannot use JSX unless the '--jsx' flag is provided.
src/pages/CompanySettings.tsx(1302,15): error TS17004: Cannot use JSX unless the '--jsx' flag is provided.
src/pages/CompanySettings.tsx(1303,17): error TS17004: Cannot use JSX unless the '--jsx' flag is provided.
src/pages/CompanySettings.tsx(1304,19): error TS17004: Cannot use JSX unless the '--jsx' flag is provided.
src/pages/CompanySettings.tsx(1305,21): error TS17004: Cannot use JSX unless the '--jsx' flag is provided.
src/pages/CompanySettings.tsx(1308,21): error TS17004: Cannot use JSX unless the '--jsx' flag is provided.
src/pages/CompanySettings.tsx(1326,19): error TS17004: Cannot use JSX unless the '--jsx' flag is provided.
src/pages/CompanySettings.tsx(1327,21): error TS17004: Cannot use JSX unless the '--jsx' flag is provided.
src/pages/CompanySettings.tsx(1330,21): error TS17004: Cannot use JSX unless the '--jsx' flag is provided.
src/pages/CompanySettings.tsx(1340,25): error TS17004: Cannot use JSX unless the '--jsx' flag is provided.
src/pages/CompanySettings.tsx(1341,27): error TS17004: Cannot use JSX unless the '--jsx' flag is provided.
src/pages/CompanySettings.tsx(1358,27): error TS17004: Cannot use JSX unless the '--jsx' flag is provided.
src/pages/CompanySettings.tsx(1364,19): error TS17004: Cannot use JSX unless the '--jsx' flag is provided.
src/pages/CompanySettings.tsx(1365,21): error TS17004: Cannot use JSX unless the '--jsx' flag is provided.
src/pages/CompanySettings.tsx(1368,21): error TS17004: Cannot use JSX unless the '--jsx' flag is provided.
src/pages/CompanySettings.tsx(1383,21): error TS17004: Cannot use JSX unless the '--jsx' flag is provided.
src/pages/CompanySettings.tsx(1395,7): error TS17004: Cannot use JSX unless the '--jsx' flag is provided.
src/pages/CompanySettings.tsx(1396,9): error TS17004: Cannot use JSX unless the '--jsx' flag is provided.
src/pages/CompanySettings.tsx(1399,9): error TS17004: Cannot use JSX unless the '--jsx' flag is provided.
src/pages/CompanySettings.tsx(1400,11): error TS17004: Cannot use JSX unless the '--jsx' flag is provided.
